MARKET_ID=1783118812184
=== M5 capture-cadence demo ===
Cluster assertion passed: devnet genesis EtWTRABZaYq6iMfeYKouRu166VU2xqa1wcaWoxPkrZBG
Deployer/authority: 8gbaJEfM5VDs9BpFLgwMTq7s2FkVpEri8ZnPbxn4HPqY
Bettor 1 (YES):     Biqr3J5V1WtyxhdWEXr5ieS8KiPTJSjC4qr5eUkzo9gg
Bettor 2 (NO):      E9pMQx6N158ANju4AwMqkAAiWqnDv3nEJhfoy4SWn1xA
market_id: 1783118812184
Market PDA: 4X7YLoT7HWz41kia1WJ4SgABSuedxtuvVNtarWgh9vuX
Vault PDA:  D18QaGSpgQDKuo5G4WwZqbaPAj664VHtketjzq5FD1MH
fixture_used: 18172379 — home_goals=2 away_goals=0
daily_scores_roots PDA confirmed on-chain: FNLRxCxRf3idEDyixYg8uHj9xEVJSuqHvStxwRHf7k6e (epochDay 20636)
[create_market] Tx: 53Suj6rs7eQVa82L5UumCDK6vQzgM6HY3VcAb6htUPEG8mhFYngzeGsy4cm3a7GdwzmMfUAPUVy4MaNCyyCKfE6d  (CU: 18321)
[create_market] Explorer: https://explorer.solana.com/tx/53Suj6rs7eQVa82L5UumCDK6vQzgM6HY3VcAb6htUPEG8mhFYngzeGsy4cm3a7GdwzmMfUAPUVy4MaNCyyCKfE6d?cluster=devnet
[deposit 1/6 (YES, 56 USDC)] Tx: 2serAHJKPGNcbuwsV5VaqoPS13UoUGEAN3jcK3YY5YqwLKHSribcYF5u29U1K4KGxudZyvn7NdQvhf5WDafiRBru  (CU: 19674)
[deposit 1/6 (YES, 56 USDC)] Explorer: https://explorer.solana.com/tx/2serAHJKPGNcbuwsV5VaqoPS13UoUGEAN3jcK3YY5YqwLKHSribcYF5u29U1K4KGxudZyvn7NdQvhf5WDafiRBru?cluster=devnet
Sleeping 9s before next deposit...
[deposit 2/6 (NO, 117 USDC)] Tx: 5d2zAxyentmVvm7XA3SetxoZNgtLX1Yb2pLMf2YbR5qWmDkHrBg8w8xNBzj5auE5QPw7fox7G4reXLvXeHUamFHX  (CU: 19673)
[deposit 2/6 (NO, 117 USDC)] Explorer: https://explorer.solana.com/tx/5d2zAxyentmVvm7XA3SetxoZNgtLX1Yb2pLMf2YbR5qWmDkHrBg8w8xNBzj5auE5QPw7fox7G4reXLvXeHUamFHX?cluster=devnet
Sleeping 6s before next deposit...
[deposit 3/6 (YES, 97 USDC)] Tx: 3onMG8qJPNKH4W6wUnXdBAgYFCJHPmVLuRXs26LaziarfTNRpnUAc59E5wvFexhvyzW9MepSMrSzHmwwRnDXRdGr  (CU: 17042)
[deposit 3/6 (YES, 97 USDC)] Explorer: https://explorer.solana.com/tx/3onMG8qJPNKH4W6wUnXdBAgYFCJHPmVLuRXs26LaziarfTNRpnUAc59E5wvFexhvyzW9MepSMrSzHmwwRnDXRdGr?cluster=devnet
Sleeping 9s before next deposit...
[deposit 4/6 (NO, 82 USDC)] Tx: ANMp6bYdfBZnHpHfnng3B5aXMvuMZQwQfMWPfJbXPh7J9shqiZc23t1aM1VsiuPHzNaBuECbx2RmrKe9Km2uxAC  (CU: 17041)
[deposit 4/6 (NO, 82 USDC)] Explorer: https://explorer.solana.com/tx/ANMp6bYdfBZnHpHfnng3B5aXMvuMZQwQfMWPfJbXPh7J9shqiZc23t1aM1VsiuPHzNaBuECbx2RmrKe9Km2uxAC?cluster=devnet
Sleeping 9s before next deposit...
[deposit 5/6 (YES, 26 USDC)] Tx: 5Bv7gUkAwiH8tWWpmueuB12bbFX8nGaESYF4meko5ronNcCmcpStabPC2Q4oCSPz8tkyhGVcxE3ZN2ekKtnH4WaZ  (CU: 17042)
[deposit 5/6 (YES, 26 USDC)] Explorer: https://explorer.solana.com/tx/5Bv7gUkAwiH8tWWpmueuB12bbFX8nGaESYF4meko5ronNcCmcpStabPC2Q4oCSPz8tkyhGVcxE3ZN2ekKtnH4WaZ?cluster=devnet
Sleeping 7s before next deposit...
ws error: Unexpected server response: 429
[deposit 6/6 (NO, 112 USDC)] Tx: 6hLSpPXJsSczigy1RFN5eA5wjQWMUHQUVuDcXYPfMdisxZ5xfJnjkfYR5omph4WoBaNhS92XPEtNESZ5YznSzXf  (CU: 17041)
[deposit 6/6 (NO, 112 USDC)] Explorer: https://explorer.solana.com/tx/6hLSpPXJsSczigy1RFN5eA5wjQWMUHQUVuDcXYPfMdisxZ5xfJnjkfYR5omph4WoBaNhS92XPEtNESZ5YznSzXf?cluster=devnet
Waiting 113s for lock_ts to pass...
Server responded with 429 Too Many Requests.  Retrying after 500ms delay...
ws error: Unexpected server response: 429
ws error: Unexpected server response: 429
[lock_market] Tx: 4BT6SckwyrRN2ZATvBHjMmVkhk9i2Pt9XzuGV6UvtbtjiTCNv27hVNxKBDE3e2A9Z71dL6Bycsa7DbouDZ3d1BU2  (CU: 4916)
[lock_market] Explorer: https://explorer.solana.com/tx/4BT6SckwyrRN2ZATvBHjMmVkhk9i2Pt9XzuGV6UvtbtjiTCNv27hVNxKBDE3e2A9Z71dL6Bycsa7DbouDZ3d1BU2?cluster=devnet
ws error: Unexpected server response: 429
ws error: Unexpected server response: 429
Server responded with 429 Too Many Requests.  Retrying after 500ms delay...
[resolve] Tx: 3ESDzSscJqfsh9tRB6roVQv7DKuBFmpgJEa7NdsztmApzPRW9MAMymqXxFXeNpfuNhKHnhk4ZWLaHQqe7xuZ4H1Q  (CU: 197678)
[resolve] Explorer: https://explorer.solana.com/tx/3ESDzSscJqfsh9tRB6roVQv7DKuBFmpgJEa7NdsztmApzPRW9MAMymqXxFXeNpfuNhKHnhk4ZWLaHQqe7xuZ4H1Q?cluster=devnet
ws error: Unexpected server response: 429
ws error: Unexpected server response: 429
ws error: Unexpected server response: 429
[claim_payout] Tx: 2s151CKobs9BJxcacX4ru6m1Q7KzLjRYhvSAGsPyHjhEFVDY3AiZqkoTBkZxYZhmFxgUD7uu7NGvWL4j5dyyFz2N  (CU: 12901)
[claim_payout] Explorer: https://explorer.solana.com/tx/2s151CKobs9BJxcacX4ru6m1Q7KzLjRYhvSAGsPyHjhEFVDY3AiZqkoTBkZxYZhmFxgUD7uu7NGvWL4j5dyyFz2N?cluster=devnet

=== Independent re-confirmation of all signatures ===
[OK] create_market: 53Suj6rs7eQVa82L5UumCDK6vQzgM6HY3VcAb6htUPEG8mhFYngzeGsy4cm3a7GdwzmMfUAPUVy4MaNCyyCKfE6d — slot 473788998, err=null, explorer: https://explorer.solana.com/tx/53Suj6rs7eQVa82L5UumCDK6vQzgM6HY3VcAb6htUPEG8mhFYngzeGsy4cm3a7GdwzmMfUAPUVy4MaNCyyCKfE6d?cluster=devnet
[OK] deposit_1: 2serAHJKPGNcbuwsV5VaqoPS13UoUGEAN3jcK3YY5YqwLKHSribcYF5u29U1K4KGxudZyvn7NdQvhf5WDafiRBru — slot 473789008, err=null, explorer: https://explorer.solana.com/tx/2serAHJKPGNcbuwsV5VaqoPS13UoUGEAN3jcK3YY5YqwLKHSribcYF5u29U1K4KGxudZyvn7NdQvhf5WDafiRBru?cluster=devnet
[OK] deposit_2: 5d2zAxyentmVvm7XA3SetxoZNgtLX1Yb2pLMf2YbR5qWmDkHrBg8w8xNBzj5auE5QPw7fox7G4reXLvXeHUamFHX — slot 473789041, err=null, explorer: https://explorer.solana.com/tx/5d2zAxyentmVvm7XA3SetxoZNgtLX1Yb2pLMf2YbR5qWmDkHrBg8w8xNBzj5auE5QPw7fox7G4reXLvXeHUamFHX?cluster=devnet
[OK] deposit_3: 3onMG8qJPNKH4W6wUnXdBAgYFCJHPmVLuRXs26LaziarfTNRpnUAc59E5wvFexhvyzW9MepSMrSzHmwwRnDXRdGr — slot 473789071, err=null, explorer: https://explorer.solana.com/tx/3onMG8qJPNKH4W6wUnXdBAgYFCJHPmVLuRXs26LaziarfTNRpnUAc59E5wvFexhvyzW9MepSMrSzHmwwRnDXRdGr?cluster=devnet
[OK] deposit_4: ANMp6bYdfBZnHpHfnng3B5aXMvuMZQwQfMWPfJbXPh7J9shqiZc23t1aM1VsiuPHzNaBuECbx2RmrKe9Km2uxAC — slot 473789104, err=null, explorer: https://explorer.solana.com/tx/ANMp6bYdfBZnHpHfnng3B5aXMvuMZQwQfMWPfJbXPh7J9shqiZc23t1aM1VsiuPHzNaBuECbx2RmrKe9Km2uxAC?cluster=devnet
[OK] deposit_5: 5Bv7gUkAwiH8tWWpmueuB12bbFX8nGaESYF4meko5ronNcCmcpStabPC2Q4oCSPz8tkyhGVcxE3ZN2ekKtnH4WaZ — slot 473789139, err=null, explorer: https://explorer.solana.com/tx/5Bv7gUkAwiH8tWWpmueuB12bbFX8nGaESYF4meko5ronNcCmcpStabPC2Q4oCSPz8tkyhGVcxE3ZN2ekKtnH4WaZ?cluster=devnet
[OK] deposit_6: 6hLSpPXJsSczigy1RFN5eA5wjQWMUHQUVuDcXYPfMdisxZ5xfJnjkfYR5omph4WoBaNhS92XPEtNESZ5YznSzXf — slot 473789167, err=null, explorer: https://explorer.solana.com/tx/6hLSpPXJsSczigy1RFN5eA5wjQWMUHQUVuDcXYPfMdisxZ5xfJnjkfYR5omph4WoBaNhS92XPEtNESZ5YznSzXf?cluster=devnet
[OK] lock_market: 4BT6SckwyrRN2ZATvBHjMmVkhk9i2Pt9XzuGV6UvtbtjiTCNv27hVNxKBDE3e2A9Z71dL6Bycsa7DbouDZ3d1BU2 — slot 473789482, err=null, explorer: https://explorer.solana.com/tx/4BT6SckwyrRN2ZATvBHjMmVkhk9i2Pt9XzuGV6UvtbtjiTCNv27hVNxKBDE3e2A9Z71dL6Bycsa7DbouDZ3d1BU2?cluster=devnet
[OK] resolve: 3ESDzSscJqfsh9tRB6roVQv7DKuBFmpgJEa7NdsztmApzPRW9MAMymqXxFXeNpfuNhKHnhk4ZWLaHQqe7xuZ4H1Q — slot 473789500, err=null, explorer: https://explorer.solana.com/tx/3ESDzSscJqfsh9tRB6roVQv7DKuBFmpgJEa7NdsztmApzPRW9MAMymqXxFXeNpfuNhKHnhk4ZWLaHQqe7xuZ4H1Q?cluster=devnet
[OK] claim_payout: 2s151CKobs9BJxcacX4ru6m1Q7KzLjRYhvSAGsPyHjhEFVDY3AiZqkoTBkZxYZhmFxgUD7uu7NGvWL4j5dyyFz2N — slot 473789518, err=null, explorer: https://explorer.solana.com/tx/2s151CKobs9BJxcacX4ru6m1Q7KzLjRYhvSAGsPyHjhEFVDY3AiZqkoTBkZxYZhmFxgUD7uu7NGvWL4j5dyyFz2N?cluster=devnet

=== SIGNATURES (JSON) ===
{
  "create_market": "53Suj6rs7eQVa82L5UumCDK6vQzgM6HY3VcAb6htUPEG8mhFYngzeGsy4cm3a7GdwzmMfUAPUVy4MaNCyyCKfE6d",
  "deposit_1": "2serAHJKPGNcbuwsV5VaqoPS13UoUGEAN3jcK3YY5YqwLKHSribcYF5u29U1K4KGxudZyvn7NdQvhf5WDafiRBru",
  "deposit_2": "5d2zAxyentmVvm7XA3SetxoZNgtLX1Yb2pLMf2YbR5qWmDkHrBg8w8xNBzj5auE5QPw7fox7G4reXLvXeHUamFHX",
  "deposit_3": "3onMG8qJPNKH4W6wUnXdBAgYFCJHPmVLuRXs26LaziarfTNRpnUAc59E5wvFexhvyzW9MepSMrSzHmwwRnDXRdGr",
  "deposit_4": "ANMp6bYdfBZnHpHfnng3B5aXMvuMZQwQfMWPfJbXPh7J9shqiZc23t1aM1VsiuPHzNaBuECbx2RmrKe9Km2uxAC",
  "deposit_5": "5Bv7gUkAwiH8tWWpmueuB12bbFX8nGaESYF4meko5ronNcCmcpStabPC2Q4oCSPz8tkyhGVcxE3ZN2ekKtnH4WaZ",
  "deposit_6": "6hLSpPXJsSczigy1RFN5eA5wjQWMUHQUVuDcXYPfMdisxZ5xfJnjkfYR5omph4WoBaNhS92XPEtNESZ5YznSzXf",
  "lock_market": "4BT6SckwyrRN2ZATvBHjMmVkhk9i2Pt9XzuGV6UvtbtjiTCNv27hVNxKBDE3e2A9Z71dL6Bycsa7DbouDZ3d1BU2",
  "resolve": "3ESDzSscJqfsh9tRB6roVQv7DKuBFmpgJEa7NdsztmApzPRW9MAMymqXxFXeNpfuNhKHnhk4ZWLaHQqe7xuZ4H1Q",
  "claim_payout": "2s151CKobs9BJxcacX4ru6m1Q7KzLjRYhvSAGsPyHjhEFVDY3AiZqkoTBkZxYZhmFxgUD7uu7NGvWL4j5dyyFz2N"
}

M5 CAPTURE DEMO: PASS (10/10 devnet transactions confirmed, fixture_used=18172379, market_id=1783118812184)
