=== M3 lifecycle verifier ===
Cluster assertion passed: devnet genesis EtWTRABZaYq6iMfeYKouRu166VU2xqa1wcaWoxPkrZBG
Deployer/authority: 8gbaJEfM5VDs9BpFLgwMTq7s2FkVpEri8ZnPbxn4HPqY
Bettor 1 (YES):     Biqr3J5V1WtyxhdWEXr5ieS8KiPTJSjC4qr5eUkzo9gg
Bettor 2 (NO):      E9pMQx6N158ANju4AwMqkAAiWqnDv3nEJhfoy4SWn1xA
market_id: 1783086493421
Market PDA: 2Np8Fc93yrkNXm9HwgFozNvxQ2BZshJtQEAwgHvCjnmn
Vault PDA:  94Yd84bpY9q5SoATbFBSRqWoE1TRa4cDs3k64diG1X9u
fixture_used: 18172379 — home_goals=2 away_goals=0
daily_scores_roots PDA confirmed on-chain: FNLRxCxRf3idEDyixYg8uHj9xEVJSuqHvStxwRHf7k6e (epochDay 20636)
[create_market] Tx: 33d7HV7MhRBdX4R7rzRFD37qz53W941Pae1xMGnAciaKajaPekwTL6nN5i4VYxU55sUwEdCDkfb2ARmLaVeyJvkM  (CU: 27321)
[create_market] Explorer: https://explorer.solana.com/tx/33d7HV7MhRBdX4R7rzRFD37qz53W941Pae1xMGnAciaKajaPekwTL6nN5i4VYxU55sUwEdCDkfb2ARmLaVeyJvkM?cluster=devnet
[deposit (wallet1 YES)] Tx: 3DnNhp15TM4QUcgPWcVYdqCZuxhi4UJ1wzVwhxV9EiKmTuMj3saDTCYuyQt7b8nkBBPgZsj8c4L68gb7iakuPuVB  (CU: 21174)
[deposit (wallet1 YES)] Explorer: https://explorer.solana.com/tx/3DnNhp15TM4QUcgPWcVYdqCZuxhi4UJ1wzVwhxV9EiKmTuMj3saDTCYuyQt7b8nkBBPgZsj8c4L68gb7iakuPuVB?cluster=devnet
[deposit (wallet2 NO)] Tx: utCBCYxW2WLJarbT1YVAtexDn4pbRruonh39iCXULCfZi3tZeByL97ra9Cn5tFsArARHRS28TikVbZA93rrKmSv  (CU: 24173)
[deposit (wallet2 NO)] Explorer: https://explorer.solana.com/tx/utCBCYxW2WLJarbT1YVAtexDn4pbRruonh39iCXULCfZi3tZeByL97ra9Cn5tFsArARHRS28TikVbZA93rrKmSv?cluster=devnet
Waiting 6s for lock_ts to pass...
[lock_market] Tx: JV7RdjBeUUpjrKTpYD3KvMGz4a6c1YAanGXFfHx4duC14toHKFVQVfKaG9JoZzto7ebMTNUKcJfKc4DKgsbZ8JF  (CU: 4916)
[lock_market] Explorer: https://explorer.solana.com/tx/JV7RdjBeUUpjrKTpYD3KvMGz4a6c1YAanGXFfHx4duC14toHKFVQVfKaG9JoZzto7ebMTNUKcJfKc4DKgsbZ8JF?cluster=devnet
[resolve] Tx: 3QsRVsWhMcgM1oRSS1sSDRb84bCaVqBJitVdm3X5nF4wU8mMXPMkPGducKFvbCrghW7CTwkhBdZrSgZw2SLxbm2y  (CU: 197678)
[resolve] Explorer: https://explorer.solana.com/tx/3QsRVsWhMcgM1oRSS1sSDRb84bCaVqBJitVdm3X5nF4wU8mMXPMkPGducKFvbCrghW7CTwkhBdZrSgZw2SLxbm2y?cluster=devnet
[claim_payout] Tx: 42hdnZgTNB8MNYSfLveH27bn86MRzeErbgSx5qYSEKuZ7CVyDdZdRSHLunwKhqZBAeQhM412crwhhZB3gE4JLuTh  (CU: 14401)
[claim_payout] Explorer: https://explorer.solana.com/tx/42hdnZgTNB8MNYSfLveH27bn86MRzeErbgSx5qYSEKuZ7CVyDdZdRSHLunwKhqZBAeQhM412crwhhZB3gE4JLuTh?cluster=devnet

=== Independent re-confirmation of all 5 signatures ===
[OK] create_market: 33d7HV7MhRBdX4R7rzRFD37qz53W941Pae1xMGnAciaKajaPekwTL6nN5i4VYxU55sUwEdCDkfb2ARmLaVeyJvkM — slot 473703646, err=null, explorer: https://explorer.solana.com/tx/33d7HV7MhRBdX4R7rzRFD37qz53W941Pae1xMGnAciaKajaPekwTL6nN5i4VYxU55sUwEdCDkfb2ARmLaVeyJvkM?cluster=devnet
[OK] deposit: 3DnNhp15TM4QUcgPWcVYdqCZuxhi4UJ1wzVwhxV9EiKmTuMj3saDTCYuyQt7b8nkBBPgZsj8c4L68gb7iakuPuVB — slot 473703655, err=null, explorer: https://explorer.solana.com/tx/3DnNhp15TM4QUcgPWcVYdqCZuxhi4UJ1wzVwhxV9EiKmTuMj3saDTCYuyQt7b8nkBBPgZsj8c4L68gb7iakuPuVB?cluster=devnet
[OK] lock_market: JV7RdjBeUUpjrKTpYD3KvMGz4a6c1YAanGXFfHx4duC14toHKFVQVfKaG9JoZzto7ebMTNUKcJfKc4DKgsbZ8JF — slot 473703685, err=null, explorer: https://explorer.solana.com/tx/JV7RdjBeUUpjrKTpYD3KvMGz4a6c1YAanGXFfHx4duC14toHKFVQVfKaG9JoZzto7ebMTNUKcJfKc4DKgsbZ8JF?cluster=devnet
[OK] resolve: 3QsRVsWhMcgM1oRSS1sSDRb84bCaVqBJitVdm3X5nF4wU8mMXPMkPGducKFvbCrghW7CTwkhBdZrSgZw2SLxbm2y — slot 473703693, err=null, explorer: https://explorer.solana.com/tx/3QsRVsWhMcgM1oRSS1sSDRb84bCaVqBJitVdm3X5nF4wU8mMXPMkPGducKFvbCrghW7CTwkhBdZrSgZw2SLxbm2y?cluster=devnet
[OK] claim_payout: 42hdnZgTNB8MNYSfLveH27bn86MRzeErbgSx5qYSEKuZ7CVyDdZdRSHLunwKhqZBAeQhM412crwhhZB3gE4JLuTh — slot 473703700, err=null, explorer: https://explorer.solana.com/tx/42hdnZgTNB8MNYSfLveH27bn86MRzeErbgSx5qYSEKuZ7CVyDdZdRSHLunwKhqZBAeQhM412crwhhZB3gE4JLuTh?cluster=devnet

=== SIGNATURES (JSON) ===
{
  "create_market": "33d7HV7MhRBdX4R7rzRFD37qz53W941Pae1xMGnAciaKajaPekwTL6nN5i4VYxU55sUwEdCDkfb2ARmLaVeyJvkM",
  "deposit": "3DnNhp15TM4QUcgPWcVYdqCZuxhi4UJ1wzVwhxV9EiKmTuMj3saDTCYuyQt7b8nkBBPgZsj8c4L68gb7iakuPuVB",
  "lock_market": "JV7RdjBeUUpjrKTpYD3KvMGz4a6c1YAanGXFfHx4duC14toHKFVQVfKaG9JoZzto7ebMTNUKcJfKc4DKgsbZ8JF",
  "resolve": "3QsRVsWhMcgM1oRSS1sSDRb84bCaVqBJitVdm3X5nF4wU8mMXPMkPGducKFvbCrghW7CTwkhBdZrSgZw2SLxbm2y",
  "claim_payout": "42hdnZgTNB8MNYSfLveH27bn86MRzeErbgSx5qYSEKuZ7CVyDdZdRSHLunwKhqZBAeQhM412crwhhZB3gE4JLuTh"
}

M3 LIFECYCLE VERIFIER: PASS (5/5 devnet transactions confirmed, fixture_used=18172379)

=== INDEPENDENT POST-RUN CONFIRMATION (separate CLI invocation, not script state) ===
[create_market] 33d7HV7MhRBdX4R7rzRFD37qz53W941Pae1xMGnAciaKajaPekwTL6nN5i4VYxU55sUwEdCDkfb2ARmLaVeyJvkM -> Finalized
  explorer: https://explorer.solana.com/tx/33d7HV7MhRBdX4R7rzRFD37qz53W941Pae1xMGnAciaKajaPekwTL6nN5i4VYxU55sUwEdCDkfb2ARmLaVeyJvkM?cluster=devnet
[deposit_wallet1] 3DnNhp15TM4QUcgPWcVYdqCZuxhi4UJ1wzVwhxV9EiKmTuMj3saDTCYuyQt7b8nkBBPgZsj8c4L68gb7iakuPuVB -> Finalized
  explorer: https://explorer.solana.com/tx/3DnNhp15TM4QUcgPWcVYdqCZuxhi4UJ1wzVwhxV9EiKmTuMj3saDTCYuyQt7b8nkBBPgZsj8c4L68gb7iakuPuVB?cluster=devnet
[deposit_wallet2] utCBCYxW2WLJarbT1YVAtexDn4pbRruonh39iCXULCfZi3tZeByL97ra9Cn5tFsArARHRS28TikVbZA93rrKmSv -> Finalized
  explorer: https://explorer.solana.com/tx/utCBCYxW2WLJarbT1YVAtexDn4pbRruonh39iCXULCfZi3tZeByL97ra9Cn5tFsArARHRS28TikVbZA93rrKmSv?cluster=devnet
[lock_market] JV7RdjBeUUpjrKTpYD3KvMGz4a6c1YAanGXFfHx4duC14toHKFVQVfKaG9JoZzto7ebMTNUKcJfKc4DKgsbZ8JF -> Finalized
  explorer: https://explorer.solana.com/tx/JV7RdjBeUUpjrKTpYD3KvMGz4a6c1YAanGXFfHx4duC14toHKFVQVfKaG9JoZzto7ebMTNUKcJfKc4DKgsbZ8JF?cluster=devnet
[resolve] 3QsRVsWhMcgM1oRSS1sSDRb84bCaVqBJitVdm3X5nF4wU8mMXPMkPGducKFvbCrghW7CTwkhBdZrSgZw2SLxbm2y -> Finalized
  explorer: https://explorer.solana.com/tx/3QsRVsWhMcgM1oRSS1sSDRb84bCaVqBJitVdm3X5nF4wU8mMXPMkPGducKFvbCrghW7CTwkhBdZrSgZw2SLxbm2y?cluster=devnet
[claim_payout] 42hdnZgTNB8MNYSfLveH27bn86MRzeErbgSx5qYSEKuZ7CVyDdZdRSHLunwKhqZBAeQhM412crwhhZB3gE4JLuTh -> Finalized
  explorer: https://explorer.solana.com/tx/42hdnZgTNB8MNYSfLveH27bn86MRzeErbgSx5qYSEKuZ7CVyDdZdRSHLunwKhqZBAeQhM412crwhhZB3gE4JLuTh?cluster=devnet
=== M3 lifecycle verifier ===
Cluster assertion passed: devnet genesis EtWTRABZaYq6iMfeYKouRu166VU2xqa1wcaWoxPkrZBG
Deployer/authority: 8gbaJEfM5VDs9BpFLgwMTq7s2FkVpEri8ZnPbxn4HPqY
Bettor 1 (YES):     Biqr3J5V1WtyxhdWEXr5ieS8KiPTJSjC4qr5eUkzo9gg
Bettor 2 (NO):      E9pMQx6N158ANju4AwMqkAAiWqnDv3nEJhfoy4SWn1xA
market_id: 1783086716485
Market PDA: ERjCCfvsFcBFjq9cpW7WTNqmGLtQWdscktLcqx511dhv
Vault PDA:  Dqhj4m73s3HqBVNXwevm8wYb9cK9X6W1YLUCHQMs6dx1
fixture_used: 18172379 — home_goals=2 away_goals=0
daily_scores_roots PDA confirmed on-chain: FNLRxCxRf3idEDyixYg8uHj9xEVJSuqHvStxwRHf7k6e (epochDay 20636)
[create_market] Tx: 3yzq4aC4Q5UEmRTdjNCiG7puN2PyPTvhMErosCYX3g2ujPAZnweJhUYtS7HsHGq6iD4udTMDhPVWLdc3738zZFtK  (CU: 18321)
[create_market] Explorer: https://explorer.solana.com/tx/3yzq4aC4Q5UEmRTdjNCiG7puN2PyPTvhMErosCYX3g2ujPAZnweJhUYtS7HsHGq6iD4udTMDhPVWLdc3738zZFtK?cluster=devnet
[deposit (wallet1 YES)] Tx: 2tcFytYQZoMYKDLv4VY2qATBhVcmCshCTzHNevpocXE1XTcHvcDoR995HGsDKyGryFK3YTzG7WnWouNycCMeqFa7  (CU: 21174)
[deposit (wallet1 YES)] Explorer: https://explorer.solana.com/tx/2tcFytYQZoMYKDLv4VY2qATBhVcmCshCTzHNevpocXE1XTcHvcDoR995HGsDKyGryFK3YTzG7WnWouNycCMeqFa7?cluster=devnet
[deposit (wallet2 NO)] Tx: 3Hxpf5eSLqXtWW75fZxNnLwx4X1egPLLe8fV3qyA6A7kjv46tnQWARhKdanXtkMGWrRtkqdesC6i9hrCQhnhk9qn  (CU: 22673)
[deposit (wallet2 NO)] Explorer: https://explorer.solana.com/tx/3Hxpf5eSLqXtWW75fZxNnLwx4X1egPLLe8fV3qyA6A7kjv46tnQWARhKdanXtkMGWrRtkqdesC6i9hrCQhnhk9qn?cluster=devnet
Waiting 24s for lock_ts to pass...
[lock_market] Tx: 4k5UBAF7t1FFzLKtepkhUdZkM9ibCv47yec625cr4g4oAf82mfHfaqRhcdeTmKJFjzYrCWFj7neaUdbd7TWJMXzM  (CU: 4916)
[lock_market] Explorer: https://explorer.solana.com/tx/4k5UBAF7t1FFzLKtepkhUdZkM9ibCv47yec625cr4g4oAf82mfHfaqRhcdeTmKJFjzYrCWFj7neaUdbd7TWJMXzM?cluster=devnet
[resolve] Tx: 63t5AcFYxd3acVbAzKbaDqa2WffpkmaAC3rEnHSzs9CkDfko62mDE2st5noEtazxENuLd28KEKV4ir8avhWtkq4G  (CU: 197678)
[resolve] Explorer: https://explorer.solana.com/tx/63t5AcFYxd3acVbAzKbaDqa2WffpkmaAC3rEnHSzs9CkDfko62mDE2st5noEtazxENuLd28KEKV4ir8avhWtkq4G?cluster=devnet
[claim_payout] Tx: 3k7yt7YaiBmEautbpPV6svYoCHzxKV1mqa1kiAEEz4Lgj9SyMPpQYuKYfv16MxwPDpkdpBqPgPnUNrTavEo4JdtP  (CU: 14401)
[claim_payout] Explorer: https://explorer.solana.com/tx/3k7yt7YaiBmEautbpPV6svYoCHzxKV1mqa1kiAEEz4Lgj9SyMPpQYuKYfv16MxwPDpkdpBqPgPnUNrTavEo4JdtP?cluster=devnet

=== Independent re-confirmation of all 5 signatures ===
[OK] create_market: 3yzq4aC4Q5UEmRTdjNCiG7puN2PyPTvhMErosCYX3g2ujPAZnweJhUYtS7HsHGq6iD4udTMDhPVWLdc3738zZFtK — slot 473704238, err=null, explorer: https://explorer.solana.com/tx/3yzq4aC4Q5UEmRTdjNCiG7puN2PyPTvhMErosCYX3g2ujPAZnweJhUYtS7HsHGq6iD4udTMDhPVWLdc3738zZFtK?cluster=devnet
[OK] deposit: 2tcFytYQZoMYKDLv4VY2qATBhVcmCshCTzHNevpocXE1XTcHvcDoR995HGsDKyGryFK3YTzG7WnWouNycCMeqFa7 — slot 473704247, err=null, explorer: https://explorer.solana.com/tx/2tcFytYQZoMYKDLv4VY2qATBhVcmCshCTzHNevpocXE1XTcHvcDoR995HGsDKyGryFK3YTzG7WnWouNycCMeqFa7?cluster=devnet
[OK] lock_market: 4k5UBAF7t1FFzLKtepkhUdZkM9ibCv47yec625cr4g4oAf82mfHfaqRhcdeTmKJFjzYrCWFj7neaUdbd7TWJMXzM — slot 473704324, err=null, explorer: https://explorer.solana.com/tx/4k5UBAF7t1FFzLKtepkhUdZkM9ibCv47yec625cr4g4oAf82mfHfaqRhcdeTmKJFjzYrCWFj7neaUdbd7TWJMXzM?cluster=devnet
[OK] resolve: 63t5AcFYxd3acVbAzKbaDqa2WffpkmaAC3rEnHSzs9CkDfko62mDE2st5noEtazxENuLd28KEKV4ir8avhWtkq4G — slot 473704331, err=null, explorer: https://explorer.solana.com/tx/63t5AcFYxd3acVbAzKbaDqa2WffpkmaAC3rEnHSzs9CkDfko62mDE2st5noEtazxENuLd28KEKV4ir8avhWtkq4G?cluster=devnet
[OK] claim_payout: 3k7yt7YaiBmEautbpPV6svYoCHzxKV1mqa1kiAEEz4Lgj9SyMPpQYuKYfv16MxwPDpkdpBqPgPnUNrTavEo4JdtP — slot 473704337, err=null, explorer: https://explorer.solana.com/tx/3k7yt7YaiBmEautbpPV6svYoCHzxKV1mqa1kiAEEz4Lgj9SyMPpQYuKYfv16MxwPDpkdpBqPgPnUNrTavEo4JdtP?cluster=devnet

=== SIGNATURES (JSON) ===
{
  "create_market": "3yzq4aC4Q5UEmRTdjNCiG7puN2PyPTvhMErosCYX3g2ujPAZnweJhUYtS7HsHGq6iD4udTMDhPVWLdc3738zZFtK",
  "deposit": "2tcFytYQZoMYKDLv4VY2qATBhVcmCshCTzHNevpocXE1XTcHvcDoR995HGsDKyGryFK3YTzG7WnWouNycCMeqFa7",
  "lock_market": "4k5UBAF7t1FFzLKtepkhUdZkM9ibCv47yec625cr4g4oAf82mfHfaqRhcdeTmKJFjzYrCWFj7neaUdbd7TWJMXzM",
  "resolve": "63t5AcFYxd3acVbAzKbaDqa2WffpkmaAC3rEnHSzs9CkDfko62mDE2st5noEtazxENuLd28KEKV4ir8avhWtkq4G",
  "claim_payout": "3k7yt7YaiBmEautbpPV6svYoCHzxKV1mqa1kiAEEz4Lgj9SyMPpQYuKYfv16MxwPDpkdpBqPgPnUNrTavEo4JdtP"
}

M3 LIFECYCLE VERIFIER: PASS (5/5 devnet transactions confirmed, fixture_used=18172379)

=== SECOND RUN NOTE ===
Second full run (above) confirms re-runnability + idempotency after widening the lock_ts window from 12s to 30s. Both runs 5/5 PASS with distinct market_id/PDAs/signatures.

=== RUN 3: Garry judge-binding fresh re-run (S179, 2026-07-03) — the M3-closing run ===
market_id: 1783086869046 | Market PDA: CXJUH4BkyFS4RpDLsp4G1X5UpiUkoHp7JajrYrmMGWeX | fixture: 18172379
create_market: 5stUkufA7pauU5oAoqqskKJU5ciVACCgkeMjEyYjpgpUimKPyaGvcKWzZd2iWyt3zjbv1X5b3NXLAQzf1zPrC9r5 (slot 473704640)
deposit:       2kXbzjkK1mvXdfE5vVhs9z7p3jDY3uXQqrtaM2L2DZnZ4af8SwF9UQarJEUMjRiPgoRJcBRSC23fpWbfSTj48zGT (slot 473704648)
lock_market:   4D9ne8omvokBGjrf88W76pvgYeRrd3GtiXfaaq57WJLbw5VES8o2Mwsj7yF2Qh6CYJaB1GJrhuJXqAH77dvBxtxJ (slot 473704725)
resolve:       yG6afD4xuxxT53wkicFzUX7zkpxStJNHk5Jqrxe9NW1U6BssATHdeM3uHnz4ng7RopHM83pZ8oZxKqSiC1NA6Qb (slot 473704733, CU 197678)
claim_payout:  2sK4XASuB121JKgvyeU69xVPHar6JLRbUx2zHx2R2Hyqc7acq5jyhEmpkS5scHrkbwJK78NQDjS4xWRY4wVGscJ4 (slot 473704739)
All 5 re-confirmed err=null. EXIT 0. M3 LIFECYCLE VERIFIER: PASS.
